
  .   ____          _            __ _ _
 /\\ / ___'_ __ _ _(_)_ __  __ _ \ \ \ \
( ( )\___ | '_ | '_| | '_ \/ _` | \ \ \ \
 \\/  ___)| |_)| | | | | || (_| |  ) ) ) )
  '  |____| .__|_| |_|_| |_\__, | / / / /
 =========|_|==============|___/=/_/_/_/
 :: Spring Boot ::               (v3.0.12)

2026-08-16T14:50:59.794+09:00  INFO 6620 --- [           main] c.e.sptrngboot.SptrngBootApplication     : Starting SptrngBootApplication v0.0.1-SNAPSHOT using Java 17.0.12 with PID 6620 (C:\Users\owner\work\SptrngBoot\target\sptrngboot-0.0.1-SNAPSHOT.jar started by owner in C:\Users\owner\work\SptrngBoot)
2026-08-16T14:50:59.799+09:00  INFO 6620 --- [           main] c.e.sptrngboot.SptrngBootApplication     : No active profile set, falling back to 1 default profile: "default"
2026-08-16T14:51:01.094+09:00  INFO 6620 --- [           main] .s.d.r.c.RepositoryConfigurationDelegate : Bootstrapping Spring Data JPA repositories in DEFAULT mode.
2026-08-16T14:51:01.231+09:00  INFO 6620 --- [           main] .s.d.r.c.RepositoryConfigurationDelegate : Finished Spring Data repository scanning in 116 ms. Found 7 JPA repository interfaces.
2026-08-16T14:51:02.270+09:00  INFO 6620 --- [           main] o.s.b.w.embedded.tomcat.TomcatWebServer  : Tomcat initialized with port(s): 8080 (http)
2026-08-16T14:51:02.284+09:00  INFO 6620 --- [           main] o.apache.catalina.core.StandardService   : Starting service [Tomcat]
2026-08-16T14:51:02.284+09:00  INFO 6620 --- [           main] o.apache.catalina.core.StandardEngine    : Starting Servlet engine: [Apache Tomcat/10.1.15]
2026-08-16T14:51:02.397+09:00  INFO 6620 --- [           main] o.a.c.c.C.[Tomcat].[localhost].[/]       : Initializing Spring embedded WebApplicationContext
2026-08-16T14:51:02.401+09:00  INFO 6620 --- [           main] w.s.c.ServletWebServerApplicationContext : Root WebApplicationContext: initialization completed in 2527 ms
2026-08-16T14:51:02.568+09:00  INFO 6620 --- [           main] com.zaxxer.hikari.HikariDataSource       : HikariPool-1 - Starting...
2026-08-16T14:51:02.917+09:00  INFO 6620 --- [           main] com.zaxxer.hikari.pool.HikariPool        : HikariPool-1 - Added connection conn0: url=jdbc:h2:mem:sptrngboot user=SA
2026-08-16T14:51:02.921+09:00  INFO 6620 --- [           main] com.zaxxer.hikari.HikariDataSource       : HikariPool-1 - Start completed.
2026-08-16T14:51:03.166+09:00  INFO 6620 --- [           main] o.hibernate.jpa.internal.util.LogHelper  : HHH000204: Processing PersistenceUnitInfo [name: default]
2026-08-16T14:51:03.259+09:00  INFO 6620 --- [           main] org.hibernate.Version                    : HHH000412: Hibernate ORM core version 6.1.7.Final
2026-08-16T14:51:03.790+09:00  INFO 6620 --- [           main] SQL dialect                              : HHH000400: Using dialect: org.hibernate.dialect.H2Dialect
2026-08-16T14:51:05.282+09:00  INFO 6620 --- [           main] o.h.e.t.j.p.i.JtaPlatformInitiator       : HHH000490: Using JtaPlatform implementation: [org.hibernate.engine.transaction.jta.platform.internal.NoJtaPlatform]
2026-08-16T14:51:05.294+09:00  INFO 6620 --- [           main] j.LocalContainerEntityManagerFactoryBean : Initialized JPA EntityManagerFactory for persistence unit 'default'
2026-08-16T14:51:06.902+09:00  WARN 6620 --- [           main] JpaBaseConfiguration$JpaWebConfiguration : spring.jpa.open-in-view is enabled by default. Therefore, database queries may be performed during view rendering. Explicitly configure spring.jpa.open-in-view to disable this warning
2026-08-16T14:51:07.138+09:00  INFO 6620 --- [           main] o.s.b.a.w.s.WelcomePageHandlerMapping    : Adding welcome page template: index
2026-08-16T14:51:07.454+09:00  INFO 6620 --- [           main] o.s.s.web.DefaultSecurityFilterChain     : Will secure any request with [org.springframework.security.web.session.DisableEncodeUrlFilter@e6e5da4, org.springframework.security.web.context.request.async.WebAsyncManagerIntegrationFilter@720c8f80, org.springframework.security.web.context.SecurityContextHolderFilter@4470106b, org.springframework.security.web.header.HeaderWriterFilter@c5a2d5, org.springframework.security.web.csrf.CsrfFilter@151a6598, org.springframework.security.web.authentication.logout.LogoutFilter@72f35a31, org.springframework.security.web.authentication.UsernamePasswordAuthenticationFilter@7a30e30b, org.springframework.security.web.savedrequest.RequestCacheAwareFilter@681311a7, org.springframework.security.web.servletapi.SecurityContextHolderAwareRequestFilter@68c4db77, org.springframework.security.web.authentication.AnonymousAuthenticationFilter@f591271, org.springframework.security.web.access.ExceptionTranslationFilter@12548f9a, org.springframework.security.web.access.intercept.AuthorizationFilter@4377ed24]
2026-08-16T14:51:07.920+09:00  INFO 6620 --- [           main] o.s.b.w.embedded.tomcat.TomcatWebServer  : Tomcat started on port(s): 8080 (http) with context path ''
2026-08-16T14:51:07.957+09:00  INFO 6620 --- [           main] c.e.sptrngboot.SptrngBootApplication     : Started SptrngBootApplication in 8.761 seconds (process running for 9.612)
2026-08-16T14:51:13.582+09:00  INFO 6620 --- [nio-8080-exec-1] o.a.c.c.C.[Tomcat].[localhost].[/]       : Initializing Spring DispatcherServlet 'dispatcherServlet'
2026-08-16T14:51:13.584+09:00  INFO 6620 --- [nio-8080-exec-1] o.s.web.servlet.DispatcherServlet        : Initializing Servlet 'dispatcherServlet'
2026-08-16T14:51:13.586+09:00  INFO 6620 --- [nio-8080-exec-1] o.s.web.servlet.DispatcherServlet        : Completed initialization in 2 ms
