
  .   ____          _            __ _ _
 /\\ / ___'_ __ _ _(_)_ __  __ _ \ \ \ \
( ( )\___ | '_ | '_| | '_ \/ _` | \ \ \ \
 \\/  ___)| |_)| | | | | || (_| |  ) ) ) )
  '  |____| .__|_| |_|_| |_\__, | / / / /
 =========|_|==============|___/=/_/_/_/
 :: Spring Boot ::               (v3.0.12)

2026-08-11T09:44:28.140+09:00  INFO 12072 --- [           main] c.e.sptrngboot.SptrngBootApplication     : Starting SptrngBootApplication v0.0.1-SNAPSHOT using Java 17.0.12 with PID 12072 (C:\Users\owner\work\SptrngBoot\target\sptrngboot-0.0.1-SNAPSHOT.jar started by owner in C:\Users\owner\work\SptrngBoot)
2026-08-11T09:44:28.146+09:00  INFO 12072 --- [           main] c.e.sptrngboot.SptrngBootApplication     : No active profile set, falling back to 1 default profile: "default"
2026-08-11T09:44:29.756+09:00  INFO 12072 --- [           main] .s.d.r.c.RepositoryConfigurationDelegate : Bootstrapping Spring Data JPA repositories in DEFAULT mode.
2026-08-11T09:44:29.927+09:00  INFO 12072 --- [           main] .s.d.r.c.RepositoryConfigurationDelegate : Finished Spring Data repository scanning in 144 ms. Found 3 JPA repository interfaces.
2026-08-11T09:44:31.336+09:00  INFO 12072 --- [           main] o.s.b.w.embedded.tomcat.TomcatWebServer  : Tomcat initialized with port(s): 8080 (http)
2026-08-11T09:44:31.372+09:00  INFO 12072 --- [           main] o.apache.catalina.core.StandardService   : Starting service [Tomcat]
2026-08-11T09:44:31.374+09:00  INFO 12072 --- [           main] o.apache.catalina.core.StandardEngine    : Starting Servlet engine: [Apache Tomcat/10.1.15]
2026-08-11T09:44:31.636+09:00  INFO 12072 --- [           main] o.a.c.c.C.[Tomcat].[localhost].[/]       : Initializing Spring embedded WebApplicationContext
2026-08-11T09:44:31.644+09:00  INFO 12072 --- [           main] w.s.c.ServletWebServerApplicationContext : Root WebApplicationContext: initialization completed in 3394 ms
2026-08-11T09:44:32.234+09:00  INFO 12072 --- [           main] o.hibernate.jpa.internal.util.LogHelper  : HHH000204: Processing PersistenceUnitInfo [name: default]
2026-08-11T09:44:32.518+09:00  INFO 12072 --- [           main] org.hibernate.Version                    : HHH000412: Hibernate ORM core version 6.1.7.Final
2026-08-11T09:44:33.513+09:00  INFO 12072 --- [           main] com.zaxxer.hikari.HikariDataSource       : HikariPool-1 - Starting...
2026-08-11T09:44:34.055+09:00  INFO 12072 --- [           main] com.zaxxer.hikari.pool.HikariPool        : HikariPool-1 - Added connection conn0: url=jdbc:h2:mem:sptrngboot user=SA
2026-08-11T09:44:34.060+09:00  INFO 12072 --- [           main] com.zaxxer.hikari.HikariDataSource       : HikariPool-1 - Start completed.
2026-08-11T09:44:34.122+09:00  INFO 12072 --- [           main] SQL dialect                              : HHH000400: Using dialect: org.hibernate.dialect.H2Dialect
Hibernate: create table categories (id bigint generated by default as identity, name varchar(255), primary key (id))
Hibernate: create table reservations (id bigint generated by default as identity, customer_name varchar(255), email varchar(255), notes varchar(255), phone varchar(255), reserved_at timestamp(6) not null, store_id bigint, primary key (id))
Hibernate: create table stores (id bigint generated by default as identity, address varchar(255), description varchar(255), genre varchar(255), image_url varchar(255), name varchar(255), phone varchar(255), prefecture varchar(255), price_range varchar(255), category_id bigint, primary key (id))
Hibernate: alter table if exists reservations add constraint FKjtwfyd534iam9vblvekr85me3 foreign key (store_id) references stores
Hibernate: alter table if exists stores add constraint FK164jsyopwvw2kf1vl34syxk7q foreign key (category_id) references categories
2026-08-11T09:44:36.404+09:00  INFO 12072 --- [           main] o.h.e.t.j.p.i.JtaPlatformInitiator       : HHH000490: Using JtaPlatform implementation: [org.hibernate.engine.transaction.jta.platform.internal.NoJtaPlatform]
2026-08-11T09:44:36.430+09:00  INFO 12072 --- [           main] j.LocalContainerEntityManagerFactoryBean : Initialized JPA EntityManagerFactory for persistence unit 'default'
2026-08-11T09:44:39.015+09:00  WARN 12072 --- [           main] JpaBaseConfiguration$JpaWebConfiguration : spring.jpa.open-in-view is enabled by default. Therefore, database queries may be performed during view rendering. Explicitly configure spring.jpa.open-in-view to disable this warning
2026-08-11T09:44:39.396+09:00  INFO 12072 --- [           main] o.s.b.a.w.s.WelcomePageHandlerMapping    : Adding welcome page template: index
2026-08-11T09:44:39.904+09:00  INFO 12072 --- [           main] o.s.b.w.embedded.tomcat.TomcatWebServer  : Tomcat started on port(s): 8080 (http) with context path ''
2026-08-11T09:44:39.950+09:00  INFO 12072 --- [           main] c.e.sptrngboot.SptrngBootApplication     : Started SptrngBootApplication in 12.72 seconds (process running for 13.946)
Hibernate: select count(*) from categories c1_0
Hibernate: insert into categories (id, name) values (default, ?)
Hibernate: insert into categories (id, name) values (default, ?)
Hibernate: insert into categories (id, name) values (default, ?)
Hibernate: insert into categories (id, name) values (default, ?)
Hibernate: insert into stores (id, address, category_id, description, genre, image_url, name, phone, prefecture, price_range) values (default, ?, ?, ?, ?, ?, ?, ?, ?, ?)
Hibernate: insert into stores (id, address, category_id, description, genre, image_url, name, phone, prefecture, price_range) values (default, ?, ?, ?, ?, ?, ?, ?, ?, ?)
Hibernate: insert into stores (id, address, category_id, description, genre, image_url, name, phone, prefecture, price_range) values (default, ?, ?, ?, ?, ?, ?, ?, ?, ?)
2026-08-11T09:44:40.289+09:00  INFO 12072 --- [nio-8080-exec-1] o.a.c.c.C.[Tomcat].[localhost].[/]       : Initializing Spring DispatcherServlet 'dispatcherServlet'
2026-08-11T09:44:40.290+09:00  INFO 12072 --- [nio-8080-exec-1] o.s.web.servlet.DispatcherServlet        : Initializing Servlet 'dispatcherServlet'
Hibernate: insert into stores (id, address, category_id, description, genre, image_url, name, phone, prefecture, price_range) values (default, ?, ?, ?, ?, ?, ?, ?, ?, ?)
2026-08-11T09:44:40.295+09:00  INFO 12072 --- [nio-8080-exec-1] o.s.web.servlet.DispatcherServlet        : Completed initialization in 5 ms
Hibernate: insert into stores (id, address, category_id, description, genre, image_url, name, phone, prefecture, price_range) values (default, ?, ?, ?, ?, ?, ?, ?, ?, ?)
Hibernate: insert into stores (id, address, category_id, description, genre, image_url, name, phone, prefecture, price_range) values (default, ?, ?, ?, ?, ?, ?, ?, ?, ?)
Hibernate: insert into stores (id, address, category_id, description, genre, image_url, name, phone, prefecture, price_range) values (default, ?, ?, ?, ?, ?, ?, ?, ?, ?)
Hibernate: insert into stores (id, address, category_id, description, genre, image_url, name, phone, prefecture, price_range) values (default, ?, ?, ?, ?, ?, ?, ?, ?, ?)
Hibernate: insert into stores (id, address, category_id, description, genre, image_url, name, phone, prefecture, price_range) values (default, ?, ?, ?, ?, ?, ?, ?, ?, ?)
Hibernate: insert into reservations (id, customer_name, email, notes, phone, reserved_at, store_id) values (default, ?, ?, ?, ?, ?, ?)
Hibernate: insert into reservations (id, customer_name, email, notes, phone, reserved_at, store_id) values (default, ?, ?, ?, ?, ?, ?)
Hibernate: insert into reservations (id, customer_name, email, notes, phone, reserved_at, store_id) values (default, ?, ?, ?, ?, ?, ?)
Hibernate: insert into reservations (id, customer_name, email, notes, phone, reserved_at, store_id) values (default, ?, ?, ?, ?, ?, ?)
Hibernate: insert into reservations (id, customer_name, email, notes, phone, reserved_at, store_id) values (default, ?, ?, ?, ?, ?, ?)
Hibernate: insert into reservations (id, customer_name, email, notes, phone, reserved_at, store_id) values (default, ?, ?, ?, ?, ?, ?)
Hibernate: insert into reservations (id, customer_name, email, notes, phone, reserved_at, store_id) values (default, ?, ?, ?, ?, ?, ?)
Hibernate: insert into reservations (id, customer_name, email, notes, phone, reserved_at, store_id) values (default, ?, ?, ?, ?, ?, ?)
Hibernate: insert into reservations (id, customer_name, email, notes, phone, reserved_at, store_id) values (default, ?, ?, ?, ?, ?, ?)
Hibernate: select c1_0.id,c1_0.name from categories c1_0
Hibernate: select distinct s1_0.prefecture from stores s1_0 order by s1_0.prefecture
Hibernate: select distinct s1_0.price_range from stores s1_0 order by s1_0.price_range
Hibernate: select s1_0.id,s1_0.address,c1_0.id,c1_0.name,s1_0.description,s1_0.genre,s1_0.image_url,s1_0.name,s1_0.phone,s1_0.prefecture,s1_0.price_range from stores s1_0 left join categories c1_0 on c1_0.id=s1_0.category_id where (? is null or lower(s1_0.name) like lower(('%'||?||'%')) escape '' or lower(s1_0.description) like lower(('%'||?||'%')) escape '' or lower(s1_0.genre) like lower(('%'||?||'%')) escape '') and (? is null or s1_0.category_id=?) and (? is null or s1_0.prefecture=?) and (? is null or s1_0.price_range=?)
Hibernate: select c1_0.id,c1_0.name from categories c1_0
Hibernate: select distinct s1_0.prefecture from stores s1_0 order by s1_0.prefecture
Hibernate: select distinct s1_0.price_range from stores s1_0 order by s1_0.price_range
Hibernate: select s1_0.id,s1_0.address,c1_0.id,c1_0.name,s1_0.description,s1_0.genre,s1_0.image_url,s1_0.name,s1_0.phone,s1_0.prefecture,s1_0.price_range from stores s1_0 left join categories c1_0 on c1_0.id=s1_0.category_id where (? is null or lower(s1_0.name) like lower(('%'||?||'%')) escape '' or lower(s1_0.description) like lower(('%'||?||'%')) escape '' or lower(s1_0.genre) like lower(('%'||?||'%')) escape '') and (? is null or s1_0.category_id=?) and (? is null or s1_0.prefecture=?) and (? is null or s1_0.price_range=?)
Hibernate: select s1_0.id,s1_0.address,s1_0.category_id,s1_0.description,s1_0.genre,s1_0.image_url,s1_0.name,s1_0.phone,s1_0.prefecture,s1_0.price_range from stores s1_0 where s1_0.id=?
Hibernate: select c1_0.id,c1_0.name from categories c1_0 where c1_0.id=?
Hibernate: select c1_0.id,c1_0.name from categories c1_0
Hibernate: select distinct s1_0.prefecture from stores s1_0 order by s1_0.prefecture
Hibernate: select distinct s1_0.price_range from stores s1_0 order by s1_0.price_range
Hibernate: select s1_0.id,s1_0.address,c1_0.id,c1_0.name,s1_0.description,s1_0.genre,s1_0.image_url,s1_0.name,s1_0.phone,s1_0.prefecture,s1_0.price_range from stores s1_0 left join categories c1_0 on c1_0.id=s1_0.category_id where (? is null or lower(s1_0.name) like lower(('%'||?||'%')) escape '' or lower(s1_0.description) like lower(('%'||?||'%')) escape '' or lower(s1_0.genre) like lower(('%'||?||'%')) escape '') and (? is null or s1_0.category_id=?) and (? is null or s1_0.prefecture=?) and (? is null or s1_0.price_range=?)
